.........                                                                [100%]
9 passed in 18.51s
